src/core/services/retail/retailService.ts(1,23): error TS2307: Cannot find module '@/core/logging/audit' or its corresponding type declarations.
src/core/services/retail/retailService.ts(2,28): error TS2307: Cannot find module '@/core/repositories/retail/retailRepo' or its corresponding type declarations.
src/core/services/retail/retailService.ts(3,35): error TS2307: Cannot find module '@/core/services/hr/attendanceService' or its corresponding type declarations.
src/core/services/retail/retailService.ts(4,35): error TS2307: Cannot find module '@/core/services/hr/schedulingService' or its corresponding type declarations.
src/core/services/retail/retailService.ts(5,32): error TS2307: Cannot find module '@/core/services/payment/paymentService' or its corresponding type declarations.
src/core/services/retail/retailService.ts(6,30): error TS2307: Cannot find module '@/core/repositories/hr/employeeRepo' or its corresponding type declarations.
src/core/services/retail/retailService.ts(7,92): error TS2307: Cannot find module '@/core/types/retail/retail' or its corresponding type declarations.
src/core/services/retail/retailService.ts(8,37): error TS2307: Cannot find module '@/core/security/session' or its corresponding type declarations.
src/core/services/retail/retailService.ts(9,23): error TS2307: Cannot find module '@/core/security/roles' or its corresponding type declarations.
src/core/services/retail/retailService.ts(10,24): error TS2307: Cannot find module '@/core/repositories/hr/storage' or its corresponding type declarations.
src/pages/retail/operational/StockOpnameScanner.tsx(2,28): error TS2307: Cannot find module '@/core/ui/PageHeader' or its corresponding type declarations.
src/pages/retail/operational/StockOpnameScanner.tsx(3,32): error TS2307: Cannot find module '@/core/ui/WorkspacePanel' or its corresponding type declarations.
src/pages/retail/operational/StockOpnameScanner.tsx(5,58): error TS2307: Cannot find module '@/components/ui/card' or its corresponding type declarations.
src/pages/retail/operational/StockOpnameScanner.tsx(6,24): error TS2307: Cannot find module '@/components/ui/button' or its corresponding type declarations.
src/pages/retail/operational/StockOpnameScanner.tsx(7,23): error TS2307: Cannot find module '@/components/ui/input' or its corresponding type declarations.
src/pages/retail/operational/StockOpnameScanner.tsx(8,23): error TS2307: Cannot find module '@/components/ui/badge' or its corresponding type declarations.
src/pages/retail/operational/StockOpnameScanner.tsx(9,28): error TS2307: Cannot find module '@/components/ui/scroll-area' or its corresponding type declarations.
src/pages/retail/operational/StockOpnameScanner.tsx(10,23): error TS2307: Cannot find module '@/hooks/use-toast' or its corresponding type declarations.
src/pages/retail/operational/StockOpnameScanner.tsx(11,27): error TS2307: Cannot find module '@/components/ui/separator' or its corresponding type declarations.
src/pages/retail/operational/StockOpnameScanner.tsx(12,31): error TS2307: Cannot find module '@/core/services/retail/retailService' or its corresponding type declarations.
src/pages/retail/operational/StockOpnameScanner.tsx(13,28): error TS2307: Cannot find module '@/core/security/session' or its corresponding type declarations.
src/pages/retail/operational/StockOpnameScanner.tsx(108,5): error TS17004: Cannot use JSX unless the '--jsx' flag is provided.
src/pages/retail/operational/StockOpnameScanner.tsx(109,7): error TS17004: Cannot use JSX unless the '--jsx' flag is provided.
src/pages/retail/operational/StockOpnameScanner.tsx(114,7): error TS17004: Cannot use JSX unless the '--jsx' flag is provided.
src/pages/retail/operational/StockOpnameScanner.tsx(115,9): error TS17004: Cannot use JSX unless the '--jsx' flag is provided.
src/pages/retail/operational/StockOpnameScanner.tsx(116,11): error TS17004: Cannot use JSX unless the '--jsx' flag is provided.
src/pages/retail/operational/StockOpnameScanner.tsx(117,13): error TS17004: Cannot use JSX unless the '--jsx' flag is provided.
src/pages/retail/operational/StockOpnameScanner.tsx(118,15): error TS17004: Cannot use JSX unless the '--jsx' flag is provided.
src/pages/retail/operational/StockOpnameScanner.tsx(119,17): error TS17004: Cannot use JSX unless the '--jsx' flag is provided.
src/pages/retail/operational/StockOpnameScanner.tsx(121,15): error TS17004: Cannot use JSX unless the '--jsx' flag is provided.
src/pages/retail/operational/StockOpnameScanner.tsx(122,17): error TS17004: Cannot use JSX unless the '--jsx' flag is provided.
src/pages/retail/operational/StockOpnameScanner.tsx(123,19): error TS17004: Cannot use JSX unless the '--jsx' flag is provided.
src/pages/retail/operational/StockOpnameScanner.tsx(124,21): error TS17004: Cannot use JSX unless the '--jsx' flag is provided.
src/pages/retail/operational/StockOpnameScanner.tsx(125,21): error TS17004: Cannot use JSX unless the '--jsx' flag is provided.
src/pages/retail/operational/StockOpnameScanner.tsx(126,23): error TS17004: Cannot use JSX unless the '--jsx' flag is provided.
src/pages/retail/operational/StockOpnameScanner.tsx(129,19): error TS17004: Cannot use JSX unless the '--jsx' flag is provided.
src/pages/retail/operational/StockOpnameScanner.tsx(130,21): error TS17004: Cannot use JSX unless the '--jsx' flag is provided.
src/pages/retail/operational/StockOpnameScanner.tsx(131,21): error TS17004: Cannot use JSX unless the '--jsx' flag is provided.
src/pages/retail/operational/StockOpnameScanner.tsx(133,19): error TS17004: Cannot use JSX unless the '--jsx' flag is provided.
src/pages/retail/operational/StockOpnameScanner.tsx(134,21): error TS17004: Cannot use JSX unless the '--jsx' flag is provided.
src/pages/retail/operational/StockOpnameScanner.tsx(135,21): error TS17004: Cannot use JSX unless the '--jsx' flag is provided.
src/pages/retail/operational/StockOpnameScanner.tsx(144,19): error TS17004: Cannot use JSX unless the '--jsx' flag is provided.
src/pages/retail/operational/StockOpnameScanner.tsx(145,21): error TS17004: Cannot use JSX unless the '--jsx' flag is provided.
src/pages/retail/operational/StockOpnameScanner.tsx(151,13): error TS17004: Cannot use JSX unless the '--jsx' flag is provided.
src/pages/retail/operational/StockOpnameScanner.tsx(152,15): error TS17004: Cannot use JSX unless the '--jsx' flag is provided.
src/pages/retail/operational/StockOpnameScanner.tsx(153,17): error TS17004: Cannot use JSX unless the '--jsx' flag is provided.
src/pages/retail/operational/StockOpnameScanner.tsx(154,19): error TS17004: Cannot use JSX unless the '--jsx' flag is provided.
src/pages/retail/operational/StockOpnameScanner.tsx(156,21): error TS17004: Cannot use JSX unless the '--jsx' flag is provided.
src/pages/retail/operational/StockOpnameScanner.tsx(159,17): error TS17004: Cannot use JSX unless the '--jsx' flag is provided.
src/pages/retail/operational/StockOpnameScanner.tsx(160,19): error TS17004: Cannot use JSX unless the '--jsx' flag is provided.
src/pages/retail/operational/StockOpnameScanner.tsx(162,23): error TS17004: Cannot use JSX unless the '--jsx' flag is provided.
src/pages/retail/operational/StockOpnameScanner.tsx(163,26): error TS17004: Cannot use JSX unless the '--jsx' flag is provided.
src/pages/retail/operational/StockOpnameScanner.tsx(164,26): error TS17004: Cannot use JSX unless the '--jsx' flag is provided.
src/pages/retail/operational/StockOpnameScanner.tsx(167,23): error TS17004: Cannot use JSX unless the '--jsx' flag is provided.
src/pages/retail/operational/StockOpnameScanner.tsx(168,25): error TS17004: Cannot use JSX unless the '--jsx' flag is provided.
src/pages/retail/operational/StockOpnameScanner.tsx(169,25): error TS17004: Cannot use JSX unless the '--jsx' flag is provided.
src/pages/retail/operational/StockOpnameScanner.tsx(172,23): error TS17004: Cannot use JSX unless the '--jsx' flag is provided.
src/pages/retail/operational/StockOpnameScanner.tsx(176,29): error TS17004: Cannot use JSX unless the '--jsx' flag is provided.
src/pages/retail/operational/StockOpnameScanner.tsx(179,31): error TS17004: Cannot use JSX unless the '--jsx' flag is provided.
src/pages/retail/operational/StockOpnameScanner.tsx(180,33): error TS17004: Cannot use JSX unless the '--jsx' flag is provided.
src/pages/retail/operational/StockOpnameScanner.tsx(181,35): error TS17004: Cannot use JSX unless the '--jsx' flag is provided.
src/pages/retail/operational/StockOpnameScanner.tsx(183,33): error TS17004: Cannot use JSX unless the '--jsx' flag is provided.
src/pages/retail/operational/StockOpnameScanner.tsx(184,35): error TS17004: Cannot use JSX unless the '--jsx' flag is provided.
src/pages/retail/operational/StockOpnameScanner.tsx(185,35): error TS17004: Cannot use JSX unless the '--jsx' flag is provided.
src/pages/retail/operational/StockOpnameScanner.tsx(188,31): error TS17004: Cannot use JSX unless the '--jsx' flag is provided.
src/pages/retail/operational/StockOpnameScanner.tsx(189,34): error TS17004: Cannot use JSX unless the '--jsx' flag is provided.
src/pages/retail/operational/StockOpnameScanner.tsx(190,34): error TS17004: Cannot use JSX unless the '--jsx' flag is provided.
src/pages/retail/operational/StockOpnameScanner.tsx(203,15): error TS17004: Cannot use JSX unless the '--jsx' flag is provided.
src/pages/retail/operational/StockOpnameScanner.tsx(204,17): error TS17004: Cannot use JSX unless the '--jsx' flag is provided.
src/pages/retail/operational/StockOpnameScanner.tsx(205,19): error TS17004: Cannot use JSX unless the '--jsx' flag is provided.
src/pages/retail/operational/StockOpnameScanner.tsx(207,17): error TS17004: Cannot use JSX unless the '--jsx' flag is provided.
src/pages/retail/operational/StockOpnameScanner.tsx(208,20): error TS17004: Cannot use JSX unless the '--jsx' flag is provided.
src/pages/retail/operational/StockOpnameScanner.tsx(209,23): error TS17004: Cannot use JSX unless the '--jsx' flag is provided.
src/pages/retail/operational/StockOpnameScanner.tsx(210,25): error TS17004: Cannot use JSX unless the '--jsx' flag is provided.
src/pages/retail/operational/StockOpnameScanner.tsx(211,25): error TS17004: Cannot use JSX unless the '--jsx' flag is provided.
src/pages/retail/operational/StockOpnameScanner.tsx(213,23): error TS17004: Cannot use JSX unless the '--jsx' flag is provided.
src/pages/retail/operational/StockOpnameScanner.tsx(214,25): error TS17004: Cannot use JSX unless the '--jsx' flag is provided.
src/pages/retail/operational/StockOpnameScanner.tsx(215,25): error TS17004: Cannot use JSX unless the '--jsx' flag is provided.
src/pages/retail/operational/StockOpnameScanner.tsx(219,20): error TS17004: Cannot use JSX unless the '--jsx' flag is provided.
src/pages/retail/operational/StockOpnameScanner.tsx(220,23): error TS17004: Cannot use JSX unless the '--jsx' flag is provided.
src/pages/retail/operational/StockOpnameScanner.tsx(221,25): error TS17004: Cannot use JSX unless the '--jsx' flag is provided.
src/pages/retail/operational/StockOpnameScanner.tsx(222,25): error TS17004: Cannot use JSX unless the '--jsx' flag is provided.
src/pages/retail/operational/StockOpnameScanner.tsx(224,23): error TS17004: Cannot use JSX unless the '--jsx' flag is provided.
src/pages/retail/operational/StockOpnameScanner.tsx(225,25): error TS17004: Cannot use JSX unless the '--jsx' flag is provided.
src/pages/retail/operational/StockOpnameScanner.tsx(232,20): error TS17004: Cannot use JSX unless the '--jsx' flag is provided.
src/pages/retail/operational/StockOpnameScanner.tsx(234,20): error TS17004: Cannot use JSX unless the '--jsx' flag is provided.
src/pages/retail/operational/StockOpnameScanner.tsx(240,24): error TS17004: Cannot use JSX unless the '--jsx' flag is provided.
src/pages/retail/operational/StockOpnameScanner.tsx(242,24): error TS17004: Cannot use JSX unless the '--jsx' flag is provided.
src/pages/retail/operational/StockOpnameScanner.tsx(245,20): error TS17004: Cannot use JSX unless the '--jsx' flag is provided.
src/pages/retail/operational/StockOpnameScanner.tsx(246,52): error TS17004: Cannot use JSX unless the '--jsx' flag is provided.
src/pages/retail/operational/StockOpnameScanner.tsx(246,111): error TS17004: Cannot use JSX unless the '--jsx' flag is provided.
src/pages/retail/operational/StockOpnameScanner.tsx(253,11): error TS17004: Cannot use JSX unless the '--jsx' flag is provided.
src/pages/retail/operational/StockOpnameScanner.tsx(254,13): error TS17004: Cannot use JSX unless the '--jsx' flag is provided.
src/pages/retail/operational/StockOpnameScanner.tsx(255,15): error TS17004: Cannot use JSX unless the '--jsx' flag is provided.
src/pages/retail/operational/StockOpnameScanner.tsx(256,17): error TS17004: Cannot use JSX unless the '--jsx' flag is provided.
src/pages/retail/operational/StockOpnameScanner.tsx(258,15): error TS17004: Cannot use JSX unless the '--jsx' flag is provided.
src/pages/retail/operational/StockOpnameScanner.tsx(259,17): error TS17004: Cannot use JSX unless the '--jsx' flag is provided.
src/pages/retail/operational/StockOpnameScanner.tsx(261,15): error TS17004: Cannot use JSX unless the '--jsx' flag is provided.
src/pages/retail/operational/StockOpnameScanner.tsx(262,17): error TS17004: Cannot use JSX unless the '--jsx' flag is provided.
src/pages/retail/operational/StockOpnameScanner.tsx(263,19): error TS17004: Cannot use JSX unless the '--jsx' flag is provided.
src/pages/retail/operational/StockOpnameScanner.tsx(264,19): error TS17004: Cannot use JSX unless the '--jsx' flag is provided.
src/pages/retail/operational/StockOpnameScanner.tsx(266,17): error TS17004: Cannot use JSX unless the '--jsx' flag is provided.
src/pages/retail/operational/StockOpnameScanner.tsx(267,19): error TS17004: Cannot use JSX unless the '--jsx' flag is provided.
src/pages/retail/operational/StockOpnameScanner.tsx(268,21): error TS17004: Cannot use JSX unless the '--jsx' flag is provided.
src/pages/retail/operational/StockOpnameScanner.tsx(269,21): error TS17004: Cannot use JSX unless the '--jsx' flag is provided.
src/pages/retail/operational/StockOpnameScanner.tsx(271,19): error TS17004: Cannot use JSX unless the '--jsx' flag is provided.
src/pages/retail/operational/StockOpnameScanner.tsx(272,58): error TS17004: Cannot use JSX unless the '--jsx' flag is provided.
src/pages/retail/operational/StockOpnameScanner.tsx(279,13): error TS17004: Cannot use JSX unless the '--jsx' flag is provided.
src/pages/retail/operational/StockOpnameScanner.tsx(280,16): error TS17004: Cannot use JSX unless the '--jsx' flag is provided.
src/pages/retail/operational/StockOpnameScanner.tsx(281,19): error TS17004: Cannot use JSX unless the '--jsx' flag is provided.
src/pages/retail/operational/StockOpnameScanner.tsx(282,19): error TS17004: Cannot use JSX unless the '--jsx' flag is provided.
src/pages/retail/operational/StockOpnameScanner.tsx(283,21): error TS17004: Cannot use JSX unless the '--jsx' flag is provided.
src/pages/retail/operational/StockOpnameScanner.tsx(284,21): error TS17004: Cannot use JSX unless the '--jsx' flag is provided.
src/pages/retail/operational/StockOpnameScanner.tsx(285,47): error TS17004: Cannot use JSX unless the '--jsx' flag is provided.
