--- STARTING INVENTORY TRANSFER TEST ---
From Location: Double Six (b199d848-1ea9-4bd3-b284-c4eca2e0b7cb)
To Location: Retail Branch SS (7c1f69ed-42c7-4963-96a7-76f48a3a1927)
Created Item: Test Transfer Item (TEST-TRANSFER-1778902717113)
Initialized Stock: 100 at BS-DS-LOC
Initiated Transfer: 466fb3dd-0c74-46cd-b1a7-3edde353aa56 (Status: PENDING, Qty: 30)
Shipping Transfer...
node.exe : Test failed with error: PrismaClientValidationError: 
At C:\Program Files\nodejs\npx.ps1:29 char:3
+   & $NODE_EXE $NPX_CLI_JS $args
+   ~~~~~~~~~~~~~~~~~~~~~~~~~~~~~
    + CategoryInfo          : NotSpecified: (Test failed wit...lidationError: :String) [], RemoteException
    + FullyQualifiedErrorId : NativeCommandError
 
Invalid `tx.inventory_transfers.update()` invocation in
C:\Users\user\Documents\Software-Developer\zenvix-demo\business-flow-suite-v2\backend\inventory_transfer_test.ts:147:38

  144 }
  145 
  146 // Update transfer status
→ 147 await tx.inventory_transfers.update({
        where: {
          id: "466fb3dd-0c74-46cd-b1a7-3edde353aa56"
        },
        data: {
          status: "IN_TRANSIT",
          shipped_by: "4ac08f4c-7440-4816-b83c-bdeecae8d8b9",
          shipped_at: new Date("2026-05-16T03:38:37.146Z"),
          tracking_number: "TRK-TEST-001",
          ~~~~~~~~~~~~~~~
      ?   id?: String | StringFieldUpdateOperationsInput,
      ?   company_id?: String | NullableStringFieldUpdateOperationsInput | Null,
      ?   quantity?: Decimal | DecimalFieldUpdateOperationsInput,
      ?   notes?: String | NullableStringFieldUpdateOperationsInput | Null,
      ?   requested_by?: String | StringFieldUpdateOperationsInput,
      ?   requested_at?: DateTime | DateTimeFieldUpdateOperationsInput,
      ?   picked_by?: String | NullableStringFieldUpdateOperationsInput | Null,
      ?   picked_at?: DateTime | NullableDateTimeFieldUpdateOperationsInput | Null,
      ?   received_by?: String | NullableStringFieldUpdateOperationsInput | Null,
      ?   received_at?: DateTime | NullableDateTimeFieldUpdateOperationsInput | Null,
      ?   created_at?: DateTime | DateTimeFieldUpdateOperationsInput,
      ?   updated_at?: DateTime | DateTimeFieldUpdateOperationsInput,
      ?   item_masters?: item_mastersUpdateOneRequiredWithoutInventory_transfersNestedInput,
      ?   from_location?: locationsUpdateOneRequiredWithoutFrom_transfersNestedInput,
      ?   to_location?: locationsUpdateOneRequiredWithoutTo_transfersNestedInput,
      ?   tenants?: tenantsUpdateOneRequiredWithoutInventory_transfersNestedInput
        }
      })

Unknown argument `tracking_number`. Available options are marked with ?.
    at wn (C:\Users\user\Documents\Software-Developer\zenvix-demo\business-flow-suite-v2\backend\node_modules\@prisma\c
lient\runtime\library.js:29:1363)
    at Vn.handleRequestError (C:\Users\user\Documents\Software-Developer\zenvix-demo\business-flow-suite-v2\backend\nod
e_modules\@prisma\client\runtime\library.js:121:6982)
    at Vn.handleAndLogRequestError (C:\Users\user\Documents\Software-Developer\zenvix-demo\business-flow-suite-v2\backe
nd\node_modules\@prisma\client\runtime\library.js:121:6663)
    at Vn.request (C:\Users\user\Documents\Software-Developer\zenvix-demo\business-flow-suite-v2\backend\node_modules\@
prisma\client\runtime\library.js:121:6370)
    at async l (C:\Users\user\Documents\Software-Developer\zenvix-demo\business-flow-suite-v2\backend\node_modules\@pri
sma\client\runtime\library.js:130:9617)
    at async <anonymous> (C:\Users\user\Documents\Software-Developer\zenvix-demo\business-flow-suite-v2\backend\invento
ry_transfer_test.ts:147:9)
    at async Proxy._transactionWithCallback (C:\Users\user\Documents\Software-Developer\zenvix-demo\business-flow-suite
-v2\backend\node_modules\@prisma\client\runtime\library.js:130:7984)
    at async testInventoryTransfer (C:\Users\user\Documents\Software-Developer\zenvix-demo\business-flow-suite-v2\backe
nd\inventory_transfer_test.ts:108:5) {
  clientVersion: '6.2.1'
}
